[themeforest.net/item/motaadmin-admin-dashboard-template/28679819.html]
[backblue.gif]
[fade.gif]
[index.html]
[public-assets.envato-static.com/icons/themeforest.net/apple-touch-icon-72x72-precomposed.png]
[public-assets.envato-static.com/icons/themeforest.net/apple-touch-icon-114x114-precomposed.png]
[public-assets.envato-static.com/icons/themeforest.net/apple-touch-icon-144x144-precomposed.png]
[public-assets.envato-static.com/icons/themeforest.net/apple-touch-icon-precomposed.png]
[public-assets.envato-static.com/assets/market/core/index-7790bc425ccadadb36c636d0ed9c8ea99bcce265a85a46994d4e85ae75fe4c9b.css]
[public-assets.envato-static.com/assets/market/pages/default/index-8bbbe073b4eac07cdbd37916399333db7a83a5325caf24169e8a59deb193d86e.css]
[script.crazyegg.com/pages/scripts/0053/5982.js]
[public-assets.envato-static.com/css/cookiebot.css]
[public-assets.envato-static.com/assets/market/core/head-df4183f2f1b84caa8ad6707c533e562f18a9eaae2b2e4d2081cf439c23343ad3.js]
[assets.banners.envato-static.com/header_banner/background_image/5aa088082b.png]
[public-assets.envato-static.com/assets/common/transparent-1px-93ae7d494fad0fb30cbf3ae746a39c4bc7a0f8bbf87fbb587a3f3c01f3c5ce20.png]
[themeforest.net/item/motaadmin-admin-dashboard-template/reviews/28679819.html]
[themeforest.net/item/motaadmin-admin-dashboard-template/28679819/comments.html]
[themeforest.net/item/motaadmin-admin-dashboard-template/28679819/support.html]
[s3.envato.com/files/306059916/logo.png]
[themeforest.img.customer.envatousercontent.com/files/306059919/01_preview.__large_preview8f48.jpg]
[s3.envato.com/files/306059919/01_preview.png]
[s3.envato.com/files/306059919/02_preview.png]
[s3.envato.com/files/306059919/03_preview.png]
[s3.envato.com/files/306059919/04_preview.png]
[s3.envato.com/files/306059919/05_preview.png]
[themeforest.net/item/motaadmin-admin-dashboard-template/screenshots/28679819.html]
[public-assets.envato-static.com/assets/market/core/index-daa99e0ca4f9bd1e25f621bfdb2cbd10b12ddfac05359228117e7cbec4a10c23.js]
[public-assets.envato-static.com/assets/market/pages/default/index-155bdffd0f55c8a641f8f5431f9b552af600c4072264d29f6f7d29af1b54b4ce.js]
[public-assets.envato-static.com/assets/market/core/lazyload-5315ade2c4aa09869ae52bad5f4e45ea446b86d4365327a7d9ba005397379ac3.js]
[consent.cookiebot.com/uc.js]
[themeforest.net/item/motaadmin-admin-dashboard-template/linkid.1d.delayed]
[www.google-analytics.com/analytics.js]
[themeforest.net/item/motaadmin-admin-dashboard-template/28679819.html]
[public-assets.envato-static.com/assets/common/pagination_loader-7fb337642f4cde133550f90749ee6eeb94b0d56dce6ae041cacc18c2bae22699.gif]
[public-assets.envato-static.com/assets/market/core/index-7790bc425ccadadb36c636d0ed9c8ea99bcce265a85a46994d4e85ae75fe4c9b.css]
[public-assets.envato-static.com/assets/homepage_banner-5fd7aa3d7595431c2a83cc50e8d74606f21e3679d7d1d49c64311ffe080dbb82.jpg]
[public-assets.envato-static.com/assets/market/pages/default/index-8bbbe073b4eac07cdbd37916399333db7a83a5325caf24169e8a59deb193d86e.css]
[public-assets.envato-static.com/css/cookiebot.css]
[themeforest.net/item/motaadmin-admin-dashboard-template/reviews/28679819.html]
[themeforest.net/item/motaadmin-admin-dashboard-template/28679819/comments.html]
[themeforest.net/item/motaadmin-admin-dashboard-template/28679819/support.html]
[themeforest.net/item/motaadmin-admin-dashboard-template/screenshots/&quot;https_/koki.dexignzone.com/tf-banner/offe..._]
[themeforest.net/item/motaadmin-admin-dashboard-template/screenshots/28679819.html]
[themeforest.net/item/motaadmin-admin-dashboard-template/linkid.js]
[www.googletagmanager.com/gtm5445.html]
[public-assets.envato-static.com/assets/market/pages/images/down.png]
[themeforest.net/item/motaadmin-admin-dashboard-template/screenshots/&quot;https_/koki.dexignzone.com/tf-banner/offe...html]
